
> frontend@0.0.0 build
> vite build

[36mvite v5.4.21 [32mbuilding for production...[36m[39m
transforming...
[32mÔ£ô[39m 53 modules transformed.
node.exe : 
[31mx[39m Build 
failed in 9.28s
En línea: 1 Carácter: 
1
+ & "C:\Program Files\
nodejs/node.exe" 
"C:\Program 
Files\nodejs/node_mo 
...
+ ~~~~~~~~~~~~~~~~~~~~
~~~~~~~~~~~~~~~~~~~~~~
~~~~~~~~~~~~~~~~~~~~~~
~~~~~
    + CategoryInfo    
          : NotSpeci  
  fied: ([31mx[39   
 m Build failed in    
 9.28s:String) []    
, RemoteException
    + FullyQualifiedE 
   rrorId : NativeCo  
  mmandError
 
[31merror during 
build:
[31m[vite-plugin-pwa:
build] [plugin vite-pl
ugin-pwa:build] src/co
ntext/AuthContext.jsx 
(576:5): There was an 
error during the 
build:
  Transform failed 
with 1 error:
C:/Users/eduardo velaz
co/Desktop/pagina/fron
tend/src/context/AuthC
ontext.jsx:576:5: 
ERROR: Expected ")" 
but found ";"
Additionally, 
handling the error in 
the 'buildEnd' hook 
caused the following 
error:
  Transform failed 
with 1 error:
C:/Users/eduardo velaz
co/Desktop/pagina/fron
tend/src/context/AuthC
ontext.jsx:576:5: 
ERROR: Expected ")" 
but found ";"[31m
file: 
[36mC:/Users/eduardo 
velazco/Desktop/pagina
/frontend/src/context/
AuthContext.jsx:576:5
[31m
[33m
[33mExpected ")" but 
found ";"[33m
574|              </Au
thContext.Provider>
575|          );
576|      };
   |       ^
577|  
[31m
    at getRollupError 
(file:///C:/Users/edua
rdo%20velazco/Desktop/
pagina/frontend/node_m
odules/rollup/dist/es/
shared/parseAst.js:402
:41)
    at file:///C:/User
s/eduardo%20velazco/De
sktop/pagina/frontend/
node_modules/rollup/di
st/es/shared/node-entr
y.js:23444:39
    at process.process
TicksAndRejections (no
de:internal/process/ta
sk_queues:105:5)
    at async catchUnfi
nishedHookActions (fil
e:///C:/Users/eduardo%
20velazco/Desktop/pagi
na/frontend/node_modul
es/rollup/dist/es/shar
ed/node-entry.js:22902
:16)
    at async 
rollupInternal (file:/
//C:/Users/eduardo%20v
elazco/Desktop/pagina/
frontend/node_modules/
rollup/dist/es/shared/
node-entry.js:23427:5)
    at async build (fi
le:///C:/Users/eduardo
%20velazco/Desktop/pag
ina/frontend/node_modu
les/vite/dist/node/chu
nks/dep-BK3b2jBa.js:65
709:14)
    at async 
CAC.<anonymous> (file:
///C:/Users/eduardo%20
velazco/Desktop/pagina
/frontend/node_modules
/vite/dist/node/cli.js
:829:5)[39m
